<?xml version="1.0" encoding="utf-8"?><testsuites name="pytest tests"><testsuite name="pytest" errors="0" failures="0" skipped="0" tests="18" time="0.280" timestamp="2026-06-07T23:26:04.933941+03:00" hostname="MacBook-Air-Sasha.local"><testcase classname="tests.integration.test_scenarios.TestHolidayPlanningScenario" name="test_full_holiday_flow" time="0.001" /><testcase classname="tests.integration.test_scenarios.TestHolidayPlanningScenario" name="test_holiday_notification_count" time="0.000" /><testcase classname="tests.integration.test_scenarios.TestHolidayPlanningScenario" name="test_rsvp_tracking" time="0.000" /><testcase classname="tests.integration.test_scenarios.TestTravelPlanningScenario" name="test_travel_with_budget_warning" time="0.000" /><testcase classname="tests.integration.test_scenarios.TestTravelPlanningScenario" name="test_travel_full_lifecycle" time="0.000" /><testcase classname="tests.integration.test_scenarios.TestTravelPlanningScenario" name="test_travel_budget_multiple_categories" time="0.000" /><testcase classname="tests.integration.test_scenarios.TestResponsibilityDistributionScenario" name="test_corporate_responsibility_distribution" time="0.001" /><testcase classname="tests.integration.test_scenarios.TestResponsibilityDistributionScenario" name="test_unassigned_tasks_tracking" time="0.000" /><testcase classname="tests.integration.test_scenarios.TestResponsibilityDistributionScenario" name="test_task_comments_and_tags" time="0.000" /><testcase classname="tests.integration.test_scenarios.TestEventCancellationScenario" name="test_cancel_event_and_verify_terminal" time="0.001" /><testcase classname="tests.integration.test_scenarios.TestEventCancellationScenario" name="test_update_event_notifies_participants" time="0.000" /><testcase classname="tests.integration.test_scenarios.TestEventCancellationScenario" name="test_send_reminders_to_all_participants" time="0.000" /><testcase classname="tests.integration.test_scenarios.TestEdgeCases" name="test_max_participants_enforced" time="0.000" /><testcase classname="tests.integration.test_scenarios.TestEdgeCases" name="test_task_sorted_by_deadline" time="0.000" /><testcase classname="tests.integration.test_scenarios.TestEdgeCases" name="test_zero_budget_utilization" time="0.000" /><testcase classname="tests.integration.test_scenarios.TestEdgeCases" name="test_composite_priority_strategy" time="0.000" /><testcase classname="tests.integration.test_scenarios.TestEdgeCases" name="test_absolute_budget_strategy" time="0.000" /><testcase classname="tests.integration.test_scenarios.TestEdgeCases" name="test_delete_task_removes_from_event" time="0.000" /></testsuite></testsuites>